<?xml version="1.0" encoding="UTF-8" ?>
<testsuite errors="0" failures="0" hostname="MW14" name="testOrange" skipped="0" tests="3" time="0.107" timestamp="2021-10-20T13:17:08">
  <properties>
    <property name="ant.project.invoked-targets" value="tests" />
    <property name="java.runtime.name" value="Java(TM) SE Runtime Environment" />
    <property name="java.vm.version" value="11.0.8+10-LTS" />
    <property name="sun.boot.library.path" value="C:\Program Files\Java\jdk-11.0.8\bin" />
    <property name="ant.library.dir" value="C:\opt\apache-ant-1.9.10\lib" />
    <property name="ant.version" value="Apache Ant(TM) version 1.9.10 compiled on February 3 2018" />
    <property name="ant.java.version" value="11" />
    <property name="java.vm.vendor" value="Oracle Corporation" />
    <property name="java.vendor.url" value="https://openjdk.java.net/" />
    <property name="path.separator" value=";" />
    <property name="java.vm.name" value="Java HotSpot(TM) 64-Bit Server VM" />
    <property name="sun.os.patch.level" value="" />
    <property name="user.script" value="" />
    <property name="user.country" value="FR" />
    <property name="sun.java.launcher" value="SUN_STANDARD" />
    <property name="java.vm.specification.name" value="Java Virtual Machine Specification" />
    <property name="user.dir" value="C:\Users\orsys\eclipse-workspace\td_testing" />
    <property name="java.vm.compressedOopsMode" value="32-bit" />
    <property name="java.runtime.version" value="11.0.8+10-LTS" />
    <property name="java.awt.graphicsenv" value="sun.awt.Win32GraphicsEnvironment" />
    <property name="basedir" value="C:\Users\orsys\eclipse-workspace\td_testing" />
    <property name="os.arch" value="amd64" />
    <property name="java.io.tmpdir" value="C:\Users\orsys\AppData\Local\Temp\" />
    <property name="ant.core.lib" value="C:\opt\apache-ant-1.9.10\lib\ant.jar" />
    <property name="line.separator" value="&#xd;&#xa;" />
    <property name="java.vm.specification.vendor" value="Oracle Corporation" />
    <property name="user.variant" value="" />
    <property name="os.name" value="Windows 10" />
    <property name="ant.home" value="C:\opt\apache-ant-1.9.10" />
    <property name="sun.jnu.encoding" value="Cp1252" />
    <property name="java.library.path" value="C:\Program Files\Java\jdk-11.0.8\bin;C:\Windows\Sun\Java\bin;C:\Windows\system32;C:\Windows;C:\Program Files\Common Files\Oracle\Java\javapath;C:\anaconda3-5.2.0;C:\anaconda3-5.2.0\Library\mingw-w64\bin;C:\anaconda3-5.2.0\Library\usr\bin;C:\anaconda3-5.2.0\Library\bin;C:\anaconda3-5.2.0\Scripts;C:\opt\Python36-32\Scripts\;C:\opt\Python36-32\;C:\Windows\system32;C:\Windows;C:\Windows\System32\Wbem;C:\Windows\System32\WindowsPowerShell\v1.0\;C:\opt\apache-ant-1.9.10\bin;C:\opt\nodejs\node_modules\npm;C:\Program Files\Git\cmd;C:\opt\Ruby25-x64\bin;C:\Program Files\GitHubDesktop\bin;C:\Program Files\atom\bin;C:\Program Files (x86)\Bitvise SSH Client;C:\opt\glassfish5\bin;C:\Program Files\jEdit;C:\opt\apache-jmeter-4.0\bin;C:\Program Files\Microsoft SQL Server\130\Tools\Binn\;C:\opt\play-java-starter-example\sbt-dist\bin;C:\Program Files\PuTTY\;C:\Program Files (x86)\Rational\common;C:\opt\apache-maven-3.5.3\bin;C:\Program Files\Microsoft VS Code\bin;C:\Program Files\TortoiseSVN\bin;C:\Program Files\Java\jdk-11.0.8\bin;C:\opt\MinGW\bin;C:\Windows\System32\OpenSSH\;C:\opt\nodejs\;C:\Program Files\Docker\Docker\resources\bin;C:\ProgramData\DockerDesktop\version-bin;C:\Users\orsys\AppData\Local\Microsoft\WindowsApps;C:\Users\orsys\AppData\Local\Microsoft\WindowsApps;C:\Users\orsys\AppData\Roaming\npm;C:\Users\orsys\Downloads\outils-20211018T091523Z-001\outils\outils\outils\sonar-scanner-cli-4.2.0.1873-windows\sonar-scanner-4.2.0.1873-windows\bin;;." />
    <property name="jdk.debug" value="release" />
    <property name="java.class.version" value="55.0" />
    <property name="java.specification.name" value="Java Platform API Specification" />
    <property name="sun.management.compiler" value="HotSpot 64-Bit Tiered Compilers" />
    <property name="os.version" value="10.0" />
    <property name="ant.file" value="C:\Users\orsys\eclipse-workspace\td_testing\build.xml" />
    <property name="user.home" value="C:\Users\orsys" />
    <property name="user.timezone" value="" />
    <property name="java.awt.printerjob" value="sun.awt.windows.WPrinterJob" />
    <property name="file.encoding" value="Cp1252" />
    <property name="java.specification.version" value="11" />
    <property name="user.name" value="orsys" />
    <property name="java.class.path" value="C:\opt\apache-ant-1.9.10\lib\ant-launcher.jar;C:\opt\apache-ant-1.9.10\lib\activation-1.1.1.jar;C:\opt\apache-ant-1.9.10\lib\ant-antlr.jar;C:\opt\apache-ant-1.9.10\lib\ant-antunit-1.3.jar;C:\opt\apache-ant-1.9.10\lib\ant-apache-bcel.jar;C:\opt\apache-ant-1.9.10\lib\ant-apache-bsf.jar;C:\opt\apache-ant-1.9.10\lib\ant-apache-log4j.jar;C:\opt\apache-ant-1.9.10\lib\ant-apache-oro.jar;C:\opt\apache-ant-1.9.10\lib\ant-apache-regexp.jar;C:\opt\apache-ant-1.9.10\lib\ant-apache-resolver.jar;C:\opt\apache-ant-1.9.10\lib\ant-apache-xalan2.jar;C:\opt\apache-ant-1.9.10\lib\ant-commons-logging.jar;C:\opt\apache-ant-1.9.10\lib\ant-commons-net.jar;C:\opt\apache-ant-1.9.10\lib\ant-jai.jar;C:\opt\apache-ant-1.9.10\lib\ant-javamail.jar;C:\opt\apache-ant-1.9.10\lib\ant-jdepend.jar;C:\opt\apache-ant-1.9.10\lib\ant-jmf.jar;C:\opt\apache-ant-1.9.10\lib\ant-jsch.jar;C:\opt\apache-ant-1.9.10\lib\ant-junit.jar;C:\opt\apache-ant-1.9.10\lib\ant-junit4.jar;C:\opt\apache-ant-1.9.10\lib\ant-launcher.jar;C:\opt\apache-ant-1.9.10\lib\ant-netrexx.jar;C:\opt\apache-ant-1.9.10\lib\ant-swing.jar;C:\opt\apache-ant-1.9.10\lib\ant-testutil.jar;C:\opt\apache-ant-1.9.10\lib\ant.jar;C:\opt\apache-ant-1.9.10\lib\antlr-2.7.7.jar;C:\opt\apache-ant-1.9.10\lib\bcel-5.1.jar;C:\opt\apache-ant-1.9.10\lib\bsf-2.4.0.jar;C:\opt\apache-ant-1.9.10\lib\bsh-2.0b4.jar;C:\opt\apache-ant-1.9.10\lib\bsh-core-2.0b4.jar;C:\opt\apache-ant-1.9.10\lib\commons-logging-1.0.4.jar;C:\opt\apache-ant-1.9.10\lib\commons-logging-api-1.1.jar;C:\opt\apache-ant-1.9.10\lib\commons-net-2.2.jar;C:\opt\apache-ant-1.9.10\lib\hamcrest-core-1.3.jar;C:\opt\apache-ant-1.9.10\lib\hamcrest-library-1.3.jar;C:\opt\apache-ant-1.9.10\lib\ivy-2.4.0.jar;C:\opt\apache-ant-1.9.10\lib\jakarta-regexp-1.4.jar;C:\opt\apache-ant-1.9.10\lib\jasper-compiler-4.1.36.jar;C:\opt\apache-ant-1.9.10\lib\jasper-runtime-4.1.36.jar;C:\opt\apache-ant-1.9.10\lib\javax.mail-api-1.5.6.jar;C:\opt\apache-ant-1.9.10\lib\jdepend-2.9.1.jar;C:\opt\apache-ant-1.9.10\lib\jruby-1.6.8.jar;C:\opt\apache-ant-1.9.10\lib\jsch-0.1.54.jar;C:\opt\apache-ant-1.9.10\lib\junit-4.12.jar;C:\opt\apache-ant-1.9.10\lib\log4j-1.2.14.jar;C:\opt\apache-ant-1.9.10\lib\maven-ant-tasks-2.1.3.jar;C:\opt\apache-ant-1.9.10\lib\oro-2.0.8.jar;C:\opt\apache-ant-1.9.10\lib\regexp-1.2.jar;C:\opt\apache-ant-1.9.10\lib\rhino-1.7R5.jar;C:\opt\apache-ant-1.9.10\lib\serializer-2.7.2.jar;C:\opt\apache-ant-1.9.10\lib\servlet-api-2.3.jar;C:\opt\apache-ant-1.9.10\lib\which-1.0.jar;C:\opt\apache-ant-1.9.10\lib\xalan-2.7.2.jar;C:\opt\apache-ant-1.9.10\lib\xml-apis-1.3.04.jar;C:\opt\apache-ant-1.9.10\lib\xml-resolver-1.2.jar" />
    <property name="java.vm.specification.version" value="11" />
    <property name="sun.arch.data.model" value="64" />
    <property name="sun.java.command" value="org.apache.tools.ant.launch.Launcher tests" />
    <property name="java.home" value="C:\Program Files\Java\jdk-11.0.8" />
    <property name="user.language" value="fr" />
    <property name="java.specification.vendor" value="Oracle Corporation" />
    <property name="awt.toolkit" value="sun.awt.windows.WToolkit" />
    <property name="java.vm.info" value="mixed mode" />
    <property name="java.version" value="11.0.8" />
    <property name="java.vendor" value="Oracle Corporation" />
    <property name="sun.stderr.encoding" value="cp850" />
    <property name="file.separator" value="\" />
    <property name="java.version.date" value="2020-07-14" />
    <property name="java.vendor.url.bug" value="https://bugreport.java.com/bugreport/" />
    <property name="sun.io.unicode.encoding" value="UnicodeLittle" />
    <property name="sun.cpu.endian" value="little" />
    <property name="java.vendor.version" value="18.9" />
    <property name="sun.stdout.encoding" value="cp850" />
    <property name="ant.file.type" value="file" />
    <property name="sun.desktop" value="windows" />
    <property name="sun.cpu.isalist" value="amd64" />
  </properties>
  <testcase classname="testOrange" name="testToString" time="0.005" />
  <testcase classname="testOrange" name="testEquals" time="0.0" />
  <testcase classname="testOrange" name="testGetOrigin" time="0.0" />
  <system-out><![CDATA[o1 ori = Greceo2 ori = France
o1 ori = Greceo2 ori = Grece
o1 ori = Greceo2 ori = Grece
o1 ori = Franceo2 ori = Grece
]]></system-out>
  <system-err><![CDATA[]]></system-err>
</testsuite>
